c:\users\danie\documents\github\game-engine-using-exclusively-sfml-stuff\x64\debug\game-engine using excluseivelly sfml stuff.exe
c:\users\danie\documents\github\game-engine-using-exclusively-sfml-stuff\x64\debug\game-engine using excluseivelly sfml stuff.pdb
c:\users\danie\documents\github\game-engine-using-exclusively-sfml-stuff\game-eng.a7c652c9\x64\debug\game-engine using excluseivelly sfml stuff.ilk
c:\users\danie\documents\github\game-engine-using-exclusively-sfml-stuff\game-eng.a7c652c9\x64\debug\button.obj
c:\users\danie\documents\github\game-engine-using-exclusively-sfml-stuff\game-eng.a7c652c9\x64\debug\camera.obj
c:\users\danie\documents\github\game-engine-using-exclusively-sfml-stuff\game-eng.a7c652c9\x64\debug\engine.obj
c:\users\danie\documents\github\game-engine-using-exclusively-sfml-stuff\game-eng.a7c652c9\x64\debug\gameobject.obj
c:\users\danie\documents\github\game-engine-using-exclusively-sfml-stuff\game-eng.a7c652c9\x64\debug\gbuffer.obj
c:\users\danie\documents\github\game-engine-using-exclusively-sfml-stuff\game-eng.a7c652c9\x64\debug\inputsystem.obj
c:\users\danie\documents\github\game-engine-using-exclusively-sfml-stuff\game-eng.a7c652c9\x64\debug\instancemanager.obj
c:\users\danie\documents\github\game-engine-using-exclusively-sfml-stuff\game-eng.a7c652c9\x64\debug\jsonparser.obj
c:\users\danie\documents\github\game-engine-using-exclusively-sfml-stuff\game-eng.a7c652c9\x64\debug\jsonvalue.obj
c:\users\danie\documents\github\game-engine-using-exclusively-sfml-stuff\game-eng.a7c652c9\x64\debug\light.obj
c:\users\danie\documents\github\game-engine-using-exclusively-sfml-stuff\game-eng.a7c652c9\x64\debug\lightbaker.obj
c:\users\danie\documents\github\game-engine-using-exclusively-sfml-stuff\game-eng.a7c652c9\x64\debug\lightmanager.obj
c:\users\danie\documents\github\game-engine-using-exclusively-sfml-stuff\game-eng.a7c652c9\x64\debug\logger.obj
c:\users\danie\documents\github\game-engine-using-exclusively-sfml-stuff\game-eng.a7c652c9\x64\debug\material.obj
c:\users\danie\documents\github\game-engine-using-exclusively-sfml-stuff\game-eng.a7c652c9\x64\debug\mesh.obj
c:\users\danie\documents\github\game-engine-using-exclusively-sfml-stuff\game-eng.a7c652c9\x64\debug\particlesystem.obj
c:\users\danie\documents\github\game-engine-using-exclusively-sfml-stuff\game-eng.a7c652c9\x64\debug\pbrmaterial.obj
c:\users\danie\documents\github\game-engine-using-exclusively-sfml-stuff\game-eng.a7c652c9\x64\debug\postprocessor.obj
c:\users\danie\documents\github\game-engine-using-exclusively-sfml-stuff\game-eng.a7c652c9\x64\debug\rendercomponent.obj
c:\users\danie\documents\github\game-engine-using-exclusively-sfml-stuff\game-eng.a7c652c9\x64\debug\renderingpipeline.obj
c:\users\danie\documents\github\game-engine-using-exclusively-sfml-stuff\game-eng.a7c652c9\x64\debug\rendermanager.obj
c:\users\danie\documents\github\game-engine-using-exclusively-sfml-stuff\game-eng.a7c652c9\x64\debug\renderqueue.obj
c:\users\danie\documents\github\game-engine-using-exclusively-sfml-stuff\game-eng.a7c652c9\x64\debug\resourcemanager.obj
c:\users\danie\documents\github\game-engine-using-exclusively-sfml-stuff\game-eng.a7c652c9\x64\debug\scene.obj
c:\users\danie\documents\github\game-engine-using-exclusively-sfml-stuff\game-eng.a7c652c9\x64\debug\scenemanager.obj
c:\users\danie\documents\github\game-engine-using-exclusively-sfml-stuff\game-eng.a7c652c9\x64\debug\sceneserializer.obj
c:\users\danie\documents\github\game-engine-using-exclusively-sfml-stuff\game-eng.a7c652c9\x64\debug\shader.obj
c:\users\danie\documents\github\game-engine-using-exclusively-sfml-stuff\game-eng.a7c652c9\x64\debug\shadowmapper.obj
c:\users\danie\documents\github\game-engine-using-exclusively-sfml-stuff\game-eng.a7c652c9\x64\debug\source.obj
c:\users\danie\documents\github\game-engine-using-exclusively-sfml-stuff\game-eng.a7c652c9\x64\debug\timingsystem.obj
c:\users\danie\documents\github\game-engine-using-exclusively-sfml-stuff\game-eng.a7c652c9\x64\debug\uisystem.obj
c:\users\danie\documents\github\game-engine-using-exclusively-sfml-stuff\game-eng.a7c652c9\x64\debug\windowmanager.obj
c:\users\danie\documents\github\game-engine-using-exclusively-sfml-stuff\game-eng.a7c652c9\x64\debug\vc143.idb
c:\users\danie\documents\github\game-engine-using-exclusively-sfml-stuff\game-eng.a7c652c9\x64\debug\vc143.pdb
c:\users\danie\documents\github\game-engine-using-exclusively-sfml-stuff\game-eng.a7c652c9\x64\debug\game-eng.a7c652c9.tlog\cl.command.1.tlog
c:\users\danie\documents\github\game-engine-using-exclusively-sfml-stuff\game-eng.a7c652c9\x64\debug\game-eng.a7c652c9.tlog\cl.items.tlog
c:\users\danie\documents\github\game-engine-using-exclusively-sfml-stuff\game-eng.a7c652c9\x64\debug\game-eng.a7c652c9.tlog\link-cvtres.read.1.tlog
c:\users\danie\documents\github\game-engine-using-exclusively-sfml-stuff\game-eng.a7c652c9\x64\debug\game-eng.a7c652c9.tlog\link-cvtres.write.1.tlog
c:\users\danie\documents\github\game-engine-using-exclusively-sfml-stuff\game-eng.a7c652c9\x64\debug\game-eng.a7c652c9.tlog\link-rc.read.1.tlog
c:\users\danie\documents\github\game-engine-using-exclusively-sfml-stuff\game-eng.a7c652c9\x64\debug\game-eng.a7c652c9.tlog\link-rc.write.1.tlog
c:\users\danie\documents\github\game-engine-using-exclusively-sfml-stuff\game-eng.a7c652c9\x64\debug\game-eng.a7c652c9.tlog\link.4528-cvtres.read.1.tlog
c:\users\danie\documents\github\game-engine-using-exclusively-sfml-stuff\game-eng.a7c652c9\x64\debug\game-eng.a7c652c9.tlog\link.4528-cvtres.write.1.tlog
c:\users\danie\documents\github\game-engine-using-exclusively-sfml-stuff\game-eng.a7c652c9\x64\debug\game-eng.a7c652c9.tlog\link.4528-rc.read.1.tlog
c:\users\danie\documents\github\game-engine-using-exclusively-sfml-stuff\game-eng.a7c652c9\x64\debug\game-eng.a7c652c9.tlog\link.4528-rc.write.1.tlog
c:\users\danie\documents\github\game-engine-using-exclusively-sfml-stuff\game-eng.a7c652c9\x64\debug\game-eng.a7c652c9.tlog\link.4528.read.1.tlog
c:\users\danie\documents\github\game-engine-using-exclusively-sfml-stuff\game-eng.a7c652c9\x64\debug\game-eng.a7c652c9.tlog\link.4528.read.2.tlog
c:\users\danie\documents\github\game-engine-using-exclusively-sfml-stuff\game-eng.a7c652c9\x64\debug\game-eng.a7c652c9.tlog\link.4528.write.1.tlog
c:\users\danie\documents\github\game-engine-using-exclusively-sfml-stuff\game-eng.a7c652c9\x64\debug\game-eng.a7c652c9.tlog\link.command.1.tlog
c:\users\danie\documents\github\game-engine-using-exclusively-sfml-stuff\game-eng.a7c652c9\x64\debug\game-eng.a7c652c9.tlog\link.read.1.tlog
c:\users\danie\documents\github\game-engine-using-exclusively-sfml-stuff\game-eng.a7c652c9\x64\debug\game-eng.a7c652c9.tlog\link.read.2.tlog
c:\users\danie\documents\github\game-engine-using-exclusively-sfml-stuff\game-eng.a7c652c9\x64\debug\game-eng.a7c652c9.tlog\link.secondary.1.tlog
c:\users\danie\documents\github\game-engine-using-exclusively-sfml-stuff\game-eng.a7c652c9\x64\debug\game-eng.a7c652c9.tlog\link.write.1.tlog
