  Engine.cpp
C:\Users\danie\Documents\GitHub\Game-Engine-Using-Exclusively-SFML-Stuff\GMath.h(123,25): warning C4244: 'return': conversion from 'double' to 'float', possible loss of data
  (compiling source file 'Engine.cpp')
  
C:\Users\danie\Documents\GitHub\Game-Engine-Using-Exclusively-SFML-Stuff\GMath.h(128,21): warning C4244: '=': conversion from 'double' to 'float', possible loss of data
  (compiling source file 'Engine.cpp')
  
C:\Users\danie\Documents\GitHub\Game-Engine-Using-Exclusively-SFML-Stuff\GMath.h(129,51): warning C4244: 'return': conversion from 'double' to 'float', possible loss of data
  (compiling source file 'Engine.cpp')
  
C:\Users\danie\Documents\GitHub\Game-Engine-Using-Exclusively-SFML-Stuff\GMath.h(874,45): warning C4244: 'argument': conversion from 'float' to 'int', possible loss of data
  (compiling source file 'Engine.cpp')
  
C:\Users\danie\Documents\GitHub\Game-Engine-Using-Exclusively-SFML-Stuff\TimingSystem.h(15,28): warning C4244: 'return': conversion from 'float' to 'int', possible loss of data
  (compiling source file 'Engine.cpp')
  
C:\Users\danie\Documents\GitHub\Game-Engine-Using-Exclusively-SFML-Stuff\Engine.cpp(41,51): warning C4244: '=': conversion from 'int' to 'float', possible loss of data
  FluidSimulationComponent.h.cpp
C:\Users\danie\Documents\GitHub\Game-Engine-Using-Exclusively-SFML-Stuff\GMath.h(123,25): warning C4244: 'return': conversion from 'double' to 'float', possible loss of data
  (compiling source file 'FluidSimulationComponent.h.cpp')
  
C:\Users\danie\Documents\GitHub\Game-Engine-Using-Exclusively-SFML-Stuff\GMath.h(128,21): warning C4244: '=': conversion from 'double' to 'float', possible loss of data
  (compiling source file 'FluidSimulationComponent.h.cpp')
  
C:\Users\danie\Documents\GitHub\Game-Engine-Using-Exclusively-SFML-Stuff\GMath.h(129,51): warning C4244: 'return': conversion from 'double' to 'float', possible loss of data
  (compiling source file 'FluidSimulationComponent.h.cpp')
  
C:\Users\danie\Documents\GitHub\Game-Engine-Using-Exclusively-SFML-Stuff\GMath.h(874,45): warning C4244: 'argument': conversion from 'float' to 'int', possible loss of data
  (compiling source file 'FluidSimulationComponent.h.cpp')
  
  InstanceManager.cpp
C:\Users\danie\Documents\GitHub\Game-Engine-Using-Exclusively-SFML-Stuff\GMath.h(123,25): warning C4244: 'return': conversion from 'double' to 'float', possible loss of data
  (compiling source file 'InstanceManager.cpp')
  
C:\Users\danie\Documents\GitHub\Game-Engine-Using-Exclusively-SFML-Stuff\GMath.h(128,21): warning C4244: '=': conversion from 'double' to 'float', possible loss of data
  (compiling source file 'InstanceManager.cpp')
  
C:\Users\danie\Documents\GitHub\Game-Engine-Using-Exclusively-SFML-Stuff\GMath.h(129,51): warning C4244: 'return': conversion from 'double' to 'float', possible loss of data
  (compiling source file 'InstanceManager.cpp')
  
C:\Users\danie\Documents\GitHub\Game-Engine-Using-Exclusively-SFML-Stuff\GMath.h(874,45): warning C4244: 'argument': conversion from 'float' to 'int', possible loss of data
  (compiling source file 'InstanceManager.cpp')
  
C:\Users\danie\Documents\GitHub\Game-Engine-Using-Exclusively-SFML-Stuff\TimingSystem.h(15,28): warning C4244: 'return': conversion from 'float' to 'int', possible loss of data
  (compiling source file 'InstanceManager.cpp')
  
C:\Users\danie\Documents\GitHub\Game-Engine-Using-Exclusively-SFML-Stuff\InstanceManager.cpp(58,20): warning C4101: 'e': unreferenced local variable
C:\Users\danie\Documents\GitHub\Game-Engine-Using-Exclusively-SFML-Stuff\InstanceManager.cpp(77,20): warning C4101: 'e': unreferenced local variable
C:\Users\danie\Documents\GitHub\Game-Engine-Using-Exclusively-SFML-Stuff\InstanceManager.cpp(93,20): warning C4101: 'e': unreferenced local variable
  PhysicsWorld.cpp
C:\Users\danie\Documents\GitHub\Game-Engine-Using-Exclusively-SFML-Stuff\GMath.h(123,25): warning C4244: 'return': conversion from 'double' to 'float', possible loss of data
  (compiling source file 'PhysicsEngine/PhysicsWorld.cpp')
  
C:\Users\danie\Documents\GitHub\Game-Engine-Using-Exclusively-SFML-Stuff\GMath.h(128,21): warning C4244: '=': conversion from 'double' to 'float', possible loss of data
  (compiling source file 'PhysicsEngine/PhysicsWorld.cpp')
  
C:\Users\danie\Documents\GitHub\Game-Engine-Using-Exclusively-SFML-Stuff\GMath.h(129,51): warning C4244: 'return': conversion from 'double' to 'float', possible loss of data
  (compiling source file 'PhysicsEngine/PhysicsWorld.cpp')
  
C:\Users\danie\Documents\GitHub\Game-Engine-Using-Exclusively-SFML-Stuff\GMath.h(874,45): warning C4244: 'argument': conversion from 'float' to 'int', possible loss of data
  (compiling source file 'PhysicsEngine/PhysicsWorld.cpp')
  
  ThermodynamicBody.cpp
C:\Users\danie\Documents\GitHub\Game-Engine-Using-Exclusively-SFML-Stuff\GMath.h(123,25): warning C4244: 'return': conversion from 'double' to 'float', possible loss of data
  (compiling source file 'PhysicsEngine/ThermodynamicBody.cpp')
  
C:\Users\danie\Documents\GitHub\Game-Engine-Using-Exclusively-SFML-Stuff\GMath.h(128,21): warning C4244: '=': conversion from 'double' to 'float', possible loss of data
  (compiling source file 'PhysicsEngine/ThermodynamicBody.cpp')
  
C:\Users\danie\Documents\GitHub\Game-Engine-Using-Exclusively-SFML-Stuff\GMath.h(129,51): warning C4244: 'return': conversion from 'double' to 'float', possible loss of data
  (compiling source file 'PhysicsEngine/ThermodynamicBody.cpp')
  
C:\Users\danie\Documents\GitHub\Game-Engine-Using-Exclusively-SFML-Stuff\GMath.h(874,45): warning C4244: 'argument': conversion from 'float' to 'int', possible loss of data
  (compiling source file 'PhysicsEngine/ThermodynamicBody.cpp')
  
  ThermodynamicBodyComponent.cpp
C:\Users\danie\Documents\GitHub\Game-Engine-Using-Exclusively-SFML-Stuff\GMath.h(123,25): warning C4244: 'return': conversion from 'double' to 'float', possible loss of data
  (compiling source file 'PhysicsEngine/ThermodynamicBodyComponent.cpp')
  
C:\Users\danie\Documents\GitHub\Game-Engine-Using-Exclusively-SFML-Stuff\GMath.h(128,21): warning C4244: '=': conversion from 'double' to 'float', possible loss of data
  (compiling source file 'PhysicsEngine/ThermodynamicBodyComponent.cpp')
  
C:\Users\danie\Documents\GitHub\Game-Engine-Using-Exclusively-SFML-Stuff\GMath.h(129,51): warning C4244: 'return': conversion from 'double' to 'float', possible loss of data
  (compiling source file 'PhysicsEngine/ThermodynamicBodyComponent.cpp')
  
C:\Users\danie\Documents\GitHub\Game-Engine-Using-Exclusively-SFML-Stuff\GMath.h(874,45): warning C4244: 'argument': conversion from 'float' to 'int', possible loss of data
  (compiling source file 'PhysicsEngine/ThermodynamicBodyComponent.cpp')
  
  Scene.cpp
C:\Users\danie\Documents\GitHub\Game-Engine-Using-Exclusively-SFML-Stuff\GMath.h(123,25): warning C4244: 'return': conversion from 'double' to 'float', possible loss of data
  (compiling source file 'Scene.cpp')
  
C:\Users\danie\Documents\GitHub\Game-Engine-Using-Exclusively-SFML-Stuff\GMath.h(128,21): warning C4244: '=': conversion from 'double' to 'float', possible loss of data
  (compiling source file 'Scene.cpp')
  
C:\Users\danie\Documents\GitHub\Game-Engine-Using-Exclusively-SFML-Stuff\GMath.h(129,51): warning C4244: 'return': conversion from 'double' to 'float', possible loss of data
  (compiling source file 'Scene.cpp')
  
C:\Users\danie\Documents\GitHub\Game-Engine-Using-Exclusively-SFML-Stuff\GMath.h(874,45): warning C4244: 'argument': conversion from 'float' to 'int', possible loss of data
  (compiling source file 'Scene.cpp')
  
  SceneManager.cpp
C:\Users\danie\Documents\GitHub\Game-Engine-Using-Exclusively-SFML-Stuff\GMath.h(123,25): warning C4244: 'return': conversion from 'double' to 'float', possible loss of data
  (compiling source file 'SceneManager.cpp')
  
C:\Users\danie\Documents\GitHub\Game-Engine-Using-Exclusively-SFML-Stuff\GMath.h(128,21): warning C4244: '=': conversion from 'double' to 'float', possible loss of data
  (compiling source file 'SceneManager.cpp')
  
C:\Users\danie\Documents\GitHub\Game-Engine-Using-Exclusively-SFML-Stuff\GMath.h(129,51): warning C4244: 'return': conversion from 'double' to 'float', possible loss of data
  (compiling source file 'SceneManager.cpp')
  
C:\Users\danie\Documents\GitHub\Game-Engine-Using-Exclusively-SFML-Stuff\GMath.h(874,45): warning C4244: 'argument': conversion from 'float' to 'int', possible loss of data
  (compiling source file 'SceneManager.cpp')
  
C:\Users\danie\Documents\GitHub\Game-Engine-Using-Exclusively-SFML-Stuff\SceneManager.cpp(25,20): warning C4101: 'e': unreferenced local variable
  SceneSerializer.cpp
C:\Users\danie\Documents\GitHub\Game-Engine-Using-Exclusively-SFML-Stuff\GMath.h(123,25): warning C4244: 'return': conversion from 'double' to 'float', possible loss of data
  (compiling source file 'SceneSerializer.cpp')
  
C:\Users\danie\Documents\GitHub\Game-Engine-Using-Exclusively-SFML-Stuff\GMath.h(128,21): warning C4244: '=': conversion from 'double' to 'float', possible loss of data
  (compiling source file 'SceneSerializer.cpp')
  
C:\Users\danie\Documents\GitHub\Game-Engine-Using-Exclusively-SFML-Stuff\GMath.h(129,51): warning C4244: 'return': conversion from 'double' to 'float', possible loss of data
  (compiling source file 'SceneSerializer.cpp')
  
C:\Users\danie\Documents\GitHub\Game-Engine-Using-Exclusively-SFML-Stuff\GMath.h(874,45): warning C4244: 'argument': conversion from 'float' to 'int', possible loss of data
  (compiling source file 'SceneSerializer.cpp')
  
  Source.cpp
C:\Users\danie\Documents\GitHub\Game-Engine-Using-Exclusively-SFML-Stuff\GMath.h(123,25): warning C4244: 'return': conversion from 'double' to 'float', possible loss of data
  (compiling source file 'Source.cpp')
  
C:\Users\danie\Documents\GitHub\Game-Engine-Using-Exclusively-SFML-Stuff\GMath.h(128,21): warning C4244: '=': conversion from 'double' to 'float', possible loss of data
  (compiling source file 'Source.cpp')
  
C:\Users\danie\Documents\GitHub\Game-Engine-Using-Exclusively-SFML-Stuff\GMath.h(129,51): warning C4244: 'return': conversion from 'double' to 'float', possible loss of data
  (compiling source file 'Source.cpp')
  
C:\Users\danie\Documents\GitHub\Game-Engine-Using-Exclusively-SFML-Stuff\GMath.h(874,45): warning C4244: 'argument': conversion from 'float' to 'int', possible loss of data
  (compiling source file 'Source.cpp')
  
C:\Users\danie\Documents\GitHub\Game-Engine-Using-Exclusively-SFML-Stuff\TimingSystem.h(15,28): warning C4244: 'return': conversion from 'float' to 'int', possible loss of data
  (compiling source file 'Source.cpp')
  
  Generating Code...
C:\Users\danie\Documents\GitHub\Game-Engine-Using-Exclusively-SFML-Stuff\InstanceManager.cpp(81,1): warning C4715: 'GUESS::core::InstanceManager::destroyInstance': not all control paths return a value
C:\Users\danie\Documents\GitHub\Game-Engine-Using-Exclusively-SFML-Stuff\InstanceManager.cpp(96,1): warning C4715: 'GUESS::core::InstanceManager::pauseInstance': not all control paths return a value
  Game-engine Using Excluseivelly SFML Stuff.vcxproj -> C:\Users\danie\Documents\GitHub\Game-Engine-Using-Exclusively-SFML-Stuff\x64\Debug\Game-engine Using Excluseivelly SFML Stuff.exe
